[debug] [2026-08-03T10:37:26.760Z] ----------------------------------------------------------------------
[debug] [2026-08-03T10:37:26.761Z] Command:       C:\Program Files\nodejs\node.exe C:\Users\Kayra Dönmez\AppData\Roaming\npm\node_modules\firebase-tools\lib\bin\firebase.js init
[debug] [2026-08-03T10:37:26.762Z] CLI Version:   15.25.1
[debug] [2026-08-03T10:37:26.762Z] Platform:      win32
[debug] [2026-08-03T10:37:26.762Z] Node Version:  v24.15.0
[debug] [2026-08-03T10:37:26.762Z] Detected Agent: unknown
[debug] [2026-08-03T10:37:26.762Z] Time:          Mon Aug 03 2026 13:37:26 GMT+0300 (Türkiye Standart Saati)
[debug] [2026-08-03T10:37:26.762Z] ----------------------------------------------------------------------
[debug] 
[info] 
     ######## #### ########  ######## ########     ###     ######  ########
     ##        ##  ##     ## ##       ##     ##  ##   ##  ##       ##
     ######    ##  ########  ######   ########  #########  ######  ######
     ##        ##  ##    ##  ##       ##     ## ##     ##       ## ##
     ##       #### ##     ## ######## ########  ##     ##  ######  ########

You're about to initialize a Firebase project in this directory:

  C:\Users\Kayra Dönmez\Desktop\fırın

[info] 
=== Project Setup
[info] 
[info] First, let's associate this project directory with a Firebase project.
[info] You can create multiple project aliases by running firebase use --add, 
[info] 
[debug] [2026-08-03T11:01:05.942Z] > command requires scopes: ["email","openid","https://www.googleapis.com/auth/cloudplatformprojects.readonly","https://www.googleapis.com/auth/firebase","https://www.googleapis.com/auth/cloud-platform"]
[debug] [2026-08-03T11:01:05.942Z] > authorizing via signed-in user (kayradnmez@gmail.com)
[debug] [2026-08-03T11:01:05.951Z] Checked if tokens are valid: true, expires at: 1785757023997
[debug] [2026-08-03T11:01:05.951Z] Checked if tokens are valid: true, expires at: 1785757023997
[debug] [2026-08-03T11:01:05.952Z] >>> [apiv2][query] GET https://firebase.googleapis.com/v1beta1/projects pageSize=100
[debug] [2026-08-03T11:01:06.585Z] <<< [apiv2][status] GET https://firebase.googleapis.com/v1beta1/projects 200
[debug] [2026-08-03T11:01:06.585Z] <<< [apiv2][body] GET https://firebase.googleapis.com/v1beta1/projects [omitted]
[info] 
=== Firestore Setup
[info] i  firestore: ensuring required API firestore.googleapis.com is enabled... 
[debug] [2026-08-03T11:01:10.696Z] Checked if tokens are valid: true, expires at: 1785757023997
[debug] [2026-08-03T11:01:10.696Z] Checked if tokens are valid: true, expires at: 1785757023997
[debug] [2026-08-03T11:01:10.696Z] >>> [apiv2][query] GET https://serviceusage.googleapis.com/v1/projects/firin-de67b/services/firestore.googleapis.com [none]
[debug] [2026-08-03T11:01:10.696Z] >>> [apiv2][(partial)header] GET https://serviceusage.googleapis.com/v1/projects/firin-de67b/services/firestore.googleapis.com  x-goog-user-project=firin-de67b
[debug] [2026-08-03T11:01:11.938Z] <<< [apiv2][status] GET https://serviceusage.googleapis.com/v1/projects/firin-de67b/services/firestore.googleapis.com 200
[debug] [2026-08-03T11:01:11.938Z] <<< [apiv2][body] GET https://serviceusage.googleapis.com/v1/projects/firin-de67b/services/firestore.googleapis.com [omitted]
[warn] !  firestore: missing required API firestore.googleapis.com. Enabling now... 
[debug] [2026-08-03T11:01:11.938Z] Checked if tokens are valid: true, expires at: 1785757023997
[debug] [2026-08-03T11:01:11.938Z] Checked if tokens are valid: true, expires at: 1785757023997
[debug] [2026-08-03T11:01:11.938Z] >>> [apiv2][query] POST https://serviceusage.googleapis.com/v1/projects/firin-de67b/services/firestore.googleapis.com:enable [none]
[debug] [2026-08-03T11:01:11.938Z] >>> [apiv2][(partial)header] POST https://serviceusage.googleapis.com/v1/projects/firin-de67b/services/firestore.googleapis.com:enable  x-goog-user-project=firin-de67b
[debug] [2026-08-03T11:01:13.389Z] <<< [apiv2][status] POST https://serviceusage.googleapis.com/v1/projects/firin-de67b/services/firestore.googleapis.com:enable 200
[debug] [2026-08-03T11:01:13.389Z] <<< [apiv2][body] POST https://serviceusage.googleapis.com/v1/projects/firin-de67b/services/firestore.googleapis.com:enable [omitted]
[debug] [2026-08-03T11:01:23.404Z] Checked if tokens are valid: true, expires at: 1785757023997
[debug] [2026-08-03T11:01:23.404Z] Checked if tokens are valid: true, expires at: 1785757023997
[debug] [2026-08-03T11:01:23.404Z] >>> [apiv2][query] GET https://firestore.googleapis.com/v1/projects/firin-de67b/databases [none]
[debug] [2026-08-03T11:01:24.293Z] <<< [apiv2][status] GET https://firestore.googleapis.com/v1/projects/firin-de67b/databases 200
[debug] [2026-08-03T11:01:24.293Z] <<< [apiv2][body] GET https://firestore.googleapis.com/v1/projects/firin-de67b/databases {}
[debug] [2026-08-03T11:01:24.294Z] Checked if tokens are valid: true, expires at: 1785757023997
[debug] [2026-08-03T11:01:24.294Z] Checked if tokens are valid: true, expires at: 1785757023997
[debug] [2026-08-03T11:01:24.294Z] >>> [apiv2][query] GET https://firestore.googleapis.com/v1/projects/firin-de67b/locations [none]
[debug] [2026-08-03T11:01:24.750Z] <<< [apiv2][status] GET https://firestore.googleapis.com/v1/projects/firin-de67b/locations 200
[debug] [2026-08-03T11:01:24.750Z] <<< [apiv2][body] GET https://firestore.googleapis.com/v1/projects/firin-de67b/locations {"locations":[{"name":"projects/firin-de67b/locations/eur3","labels":{"appengine.googleapis.com/geo":"europe-west","cloud.googleapis.com/location":"eur3","cloud.googleapis.com/geo":"eur3"},"metadata":{"@type":"type.googleapis.com/google.firestore.admin.v1.LocationMetadata"},"locationId":"eur3","displayName":"Europe"},{"name":"projects/firin-de67b/locations/nam5","labels":{"appengine.googleapis.com/geo":"us-central","cloud.googleapis.com/location":"nam5","cloud.googleapis.com/geo":"nam5"},"metadata":{"@type":"type.googleapis.com/google.firestore.admin.v1.LocationMetadata"},"locationId":"nam5","displayName":"United States"},{"name":"projects/firin-de67b/locations/nam7","labels":{"cloud.googleapis.com/location":"nam7","cloud.googleapis.com/geo":"nam7"},"metadata":{"@type":"type.googleapis.com/google.firestore.admin.v1.LocationMetadata"},"locationId":"nam7","displayName":"United States"},{"name":"projects/firin-de67b/locations/africa-south1","labels":{"cloud.googleapis.com/location":"africa-south1","cloud.googleapis.com/region":"africa-south1"},"metadata":{"@type":"type.googleapis.com/google.firestore.admin.v1.LocationMetadata"},"locationId":"africa-south1","displayName":"Johannesburg"},{"name":"projects/firin-de67b/locations/asia-east1","labels":{"appengine.googleapis.com/region":"asia-east1","cloud.googleapis.com/location":"asia-east1","cloud.googleapis.com/region":"asia-east1"},"metadata":{"@type":"type.googleapis.com/google.firestore.admin.v1.LocationMetadata"},"locationId":"asia-east1","displayName":"Taiwan"},{"name":"projects/firin-de67b/locations/asia-east2","labels":{"appengine.googleapis.com/region":"asia-east2","cloud.googleapis.com/location":"asia-east2","cloud.googleapis.com/region":"asia-east2"},"metadata":{"@type":"type.googleapis.com/google.firestore.admin.v1.LocationMetadata"},"locationId":"asia-east2","displayName":"Hong Kong"},{"name":"projects/firin-de67b/locations/asia-northeast1","labels":{"appengine.googleapis.com/region":"asia-northeast1","cloud.googleapis.com/location":"asia-northeast1","cloud.googleapis.com/region":"asia-northeast1"},"metadata":{"@type":"type.googleapis.com/google.firestore.admin.v1.LocationMetadata"},"locationId":"asia-northeast1","displayName":"Tokyo"},{"name":"projects/firin-de67b/locations/asia-northeast2","labels":{"appengine.googleapis.com/region":"asia-northeast2","cloud.googleapis.com/location":"asia-northeast2","cloud.googleapis.com/region":"asia-northeast2"},"metadata":{"@type":"type.googleapis.com/google.firestore.admin.v1.LocationMetadata"},"locationId":"asia-northeast2","displayName":"Osaka"},{"name":"projects/firin-de67b/locations/asia-northeast3","labels":{"appengine.googleapis.com/region":"asia-northeast3","cloud.googleapis.com/location":"asia-northeast3","cloud.googleapis.com/region":"asia-northeast3"},"metadata":{"@type":"type.googleapis.com/google.firestore.admin.v1.LocationMetadata"},"locationId":"asia-northeast3","displayName":"Seoul"},{"name":"projects/firin-de67b/locations/asia-south1","labels":{"appengine.googleapis.com/region":"asia-south1","cloud.googleapis.com/location":"asia-south1","cloud.googleapis.com/region":"asia-south1"},"metadata":{"@type":"type.googleapis.com/google.firestore.admin.v1.LocationMetadata"},"locationId":"asia-south1","displayName":"Mumbai"},{"name":"projects/firin-de67b/locations/asia-south2","labels":{"cloud.googleapis.com/location":"asia-south2","cloud.googleapis.com/region":"asia-south2"},"metadata":{"@type":"type.googleapis.com/google.firestore.admin.v1.LocationMetadata"},"locationId":"asia-south2","displayName":"Delhi"},{"name":"projects/firin-de67b/locations/asia-southeast1","labels":{"appengine.googleapis.com/region":"asia-southeast1","cloud.googleapis.com/location":"asia-southeast1","cloud.googleapis.com/region":"asia-southeast1"},"metadata":{"@type":"type.googleapis.com/google.firestore.admin.v1.LocationMetadata"},"locationId":"asia-southeast1","displayName":"Singapore"},{"name":"projects/firin-de67b/locations/asia-southeast2","labels":{"appengine.googleapis.com/region":"asia-southeast2","cloud.googleapis.com/location":"asia-southeast2","cloud.googleapis.com/region":"asia-southeast2"},"metadata":{"@type":"type.googleapis.com/google.firestore.admin.v1.LocationMetadata"},"locationId":"asia-southeast2","displayName":"Jakarta"},{"name":"projects/firin-de67b/locations/asia-southeast3","labels":{"cloud.googleapis.com/location":"asia-southeast3","cloud.googleapis.com/region":"asia-southeast3"},"metadata":{"@type":"type.googleapis.com/google.firestore.admin.v1.LocationMetadata"},"locationId":"asia-southeast3","displayName":"Bangkok"},{"name":"projects/firin-de67b/locations/australia-southeast1","labels":{"appengine.googleapis.com/region":"australia-southeast1","cloud.googleapis.com/location":"australia-southeast1","cloud.googleapis.com/region":"australia-southeast1"},"metadata":{"@type":"type.googleapis.com/google.firestore.admin.v1.LocationMetadata"},"locationId":"australia-southeast1","displayName":"Sydney"},{"name":"projects/firin-de67b/locations/australia-southeast2","labels":{"cloud.googleapis.com/location":"australia-southeast2","cloud.googleapis.com/region":"australia-southeast2"},"metadata":{"@type":"type.googleapis.com/google.firestore.admin.v1.LocationMetadata"},"locationId":"australia-southeast2","displayName":"Melbourne"},{"name":"projects/firin-de67b/locations/europe-central2","labels":{"appengine.googleapis.com/region":"europe-central2","cloud.googleapis.com/location":"europe-central2","cloud.googleapis.com/region":"europe-central2"},"metadata":{"@type":"type.googleapis.com/google.firestore.admin.v1.LocationMetadata"},"locationId":"europe-central2","displayName":"Warsaw"},{"name":"projects/firin-de67b/locations/europe-north1","labels":{"cloud.googleapis.com/location":"europe-north1","cloud.googleapis.com/region":"europe-north1"},"metadata":{"@type":"type.googleapis.com/google.firestore.admin.v1.LocationMetadata"},"locationId":"europe-north1","displayName":"Finland"},{"name":"projects/firin-de67b/locations/europe-north2","labels":{"cloud.googleapis.com/location":"europe-north2","cloud.googleapis.com/region":"europe-north2"},"metadata":{"@type":"type.googleapis.com/google.firestore.admin.v1.LocationMetadata"},"locationId":"europe-north2","displayName":"Stockholm"},{"name":"projects/firin-de67b/locations/europe-southwest1","labels":{"cloud.googleapis.com/location":"europe-southwest1","cloud.googleapis.com/region":"europe-southwest1"},"metadata":{"@type":"type.googleapis.com/google.firestore.admin.v1.LocationMetadata"},"locationId":"europe-southwest1","displayName":"Madrid"},{"name":"projects/firin-de67b/locations/europe-west1","labels":{"cloud.googleapis.com/location":"europe-west1","cloud.googleapis.com/region":"europe-west1"},"metadata":{"@type":"type.googleapis.com/google.firestore.admin.v1.LocationMetadata"},"locationId":"europe-west1","displayName":"Belgium"},{"name":"projects/firin-de67b/locations/europe-west10","labels":{"cloud.googleapis.com/location":"europe-west10","cloud.googleapis.com/region":"europe-west10"},"metadata":{"@type":"type.googleapis.com/google.firestore.admin.v1.LocationMetadata"},"locationId":"europe-west10","displayName":"Berlin"},{"name":"projects/firin-de67b/locations/europe-west12","labels":{"cloud.googleapis.com/location":"europe-west12","cloud.googleapis.com/region":"europe-west12"},"metadata":{"@type":"type.googleapis.com/google.firestore.admin.v1.LocationMetadata"},"locationId":"europe-west12","displayName":"Turin"},{"name":"projects/firin-de67b/locations/europe-west2","labels":{"appengine.googleapis.com/region":"europe-west2","cloud.googleapis.com/location":"europe-west2","cloud.googleapis.com/region":"europe-west2"},"metadata":{"@type":"type.googleapis.com/google.firestore.admin.v1.LocationMetadata"},"locationId":"europe-west2","displayName":"London"},{"name":"projects/firin-de67b/locations/europe-west3","labels":{"appengine.googleapis.com/region":"europe-west3","cloud.googleapis.com/location":"europe-west3","cloud.googleapis.com/region":"europe-west3"},"metadata":{"@type":"type.googleapis.com/google.firestore.admin.v1.LocationMetadata"},"locationId":"europe-west3","displayName":"Frankfurt"},{"name":"projects/firin-de67b/locations/europe-west4","labels":{"cloud.googleapis.com/location":"europe-west4","cloud.googleapis.com/region":"europe-west4"},"metadata":{"@type":"type.googleapis.com/google.firestore.admin.v1.LocationMetadata"},"locationId":"europe-west4","displayName":"Netherlands"},{"name":"projects/firin-de67b/locations/europe-west6","labels":{"appengine.googleapis.com/region":"europe-west6","cloud.googleapis.com/location":"europe-west6","cloud.googleapis.com/region":"europe-west6"},"metadata":{"@type":"type.googleapis.com/google.firestore.admin.v1.LocationMetadata"},"locationId":"europe-west6","displayName":"Zurich"},{"name":"projects/firin-de67b/locations/europe-west8","labels":{"cloud.googleapis.com/location":"europe-west8","cloud.googleapis.com/region":"europe-west8"},"metadata":{"@type":"type.googleapis.com/google.firestore.admin.v1.LocationMetadata"},"locationId":"europe-west8","displayName":"Milan"},{"name":"projects/firin-de67b/locations/europe-west9","labels":{"cloud.googleapis.com/location":"europe-west9","cloud.googleapis.com/region":"europe-west9"},"metadata":{"@type":"type.googleapis.com/google.firestore.admin.v1.LocationMetadata"},"locationId":"europe-west9","displayName":"Paris"},{"name":"projects/firin-de67b/locations/me-central1","labels":{"cloud.googleapis.com/location":"me-central1","cloud.googleapis.com/region":"me-central1"},"metadata":{"@type":"type.googleapis.com/google.firestore.admin.v1.LocationMetadata"},"locationId":"me-central1","displayName":"Doha"},{"name":"projects/firin-de67b/locations/me-central2","labels":{"cloud.googleapis.com/location":"me-central2","cloud.googleapis.com/region":"me-central2"},"metadata":{"@type":"type.googleapis.com/google.firestore.admin.v1.LocationMetadata"},"locationId":"me-central2","displayName":"Dammam"},{"name":"projects/firin-de67b/locations/me-west1","labels":{"cloud.googleapis.com/location":"me-west1","cloud.googleapis.com/region":"me-west1"},"metadata":{"@type":"type.googleapis.com/google.firestore.admin.v1.LocationMetadata"},"locationId":"me-west1","displayName":"Tel Aviv"},{"name":"projects/firin-de67b/locations/northamerica-northeast1","labels":{"appengine.googleapis.com/region":"northamerica-northeast1","cloud.googleapis.com/location":"northamerica-northeast1","cloud.googleapis.com/region":"northamerica-northeast1"},"metadata":{"@type":"type.googleapis.com/google.firestore.admin.v1.LocationMetadata"},"locationId":"northamerica-northeast1","displayName":"Montréal"},{"name":"projects/firin-de67b/locations/northamerica-northeast2","labels":{"cloud.googleapis.com/location":"northamerica-northeast2","cloud.googleapis.com/region":"northamerica-northeast2"},"metadata":{"@type":"type.googleapis.com/google.firestore.admin.v1.LocationMetadata"},"locationId":"northamerica-northeast2","displayName":"Toronto"},{"name":"projects/firin-de67b/locations/northamerica-south1","labels":{"cloud.googleapis.com/location":"northamerica-south1","cloud.googleapis.com/region":"northamerica-south1"},"metadata":{"@type":"type.googleapis.com/google.firestore.admin.v1.LocationMetadata"},"locationId":"northamerica-south1","displayName":"Mexico"},{"name":"projects/firin-de67b/locations/southamerica-east1","labels":{"appengine.googleapis.com/region":"southamerica-east1","cloud.googleapis.com/location":"southamerica-east1","cloud.googleapis.com/region":"southamerica-east1"},"metadata":{"@type":"type.googleapis.com/google.firestore.admin.v1.LocationMetadata"},"locationId":"southamerica-east1","displayName":"São Paulo"},{"name":"projects/firin-de67b/locations/southamerica-west1","labels":{"cloud.googleapis.com/location":"southamerica-west1","cloud.googleapis.com/region":"southamerica-west1"},"metadata":{"@type":"type.googleapis.com/google.firestore.admin.v1.LocationMetadata"},"locationId":"southamerica-west1","displayName":"Santiago"},{"name":"projects/firin-de67b/locations/us-central1","labels":{"cloud.googleapis.com/location":"us-central1","cloud.googleapis.com/region":"us-central1"},"metadata":{"@type":"type.googleapis.com/google.firestore.admin.v1.LocationMetadata"},"locationId":"us-central1","displayName":"Iowa"},{"name":"projects/firin-de67b/locations/us-east1","labels":{"appengine.googleapis.com/region":"us-east1","cloud.googleapis.com/location":"us-east1","cloud.googleapis.com/region":"us-east1"},"metadata":{"@type":"type.googleapis.com/google.firestore.admin.v1.LocationMetadata"},"locationId":"us-east1","displayName":"South Carolina"},{"name":"projects/firin-de67b/locations/us-east4","labels":{"appengine.googleapis.com/region":"us-east4","cloud.googleapis.com/location":"us-east4","cloud.googleapis.com/region":"us-east4"},"metadata":{"@type":"type.googleapis.com/google.firestore.admin.v1.LocationMetadata"},"locationId":"us-east4","displayName":"Northern Virginia"},{"name":"projects/firin-de67b/locations/us-east5","labels":{"cloud.googleapis.com/location":"us-east5","cloud.googleapis.com/region":"us-east5"},"metadata":{"@type":"type.googleapis.com/google.firestore.admin.v1.LocationMetadata"},"locationId":"us-east5","displayName":"Columbus"},{"name":"projects/firin-de67b/locations/us-south1","labels":{"cloud.googleapis.com/location":"us-south1","cloud.googleapis.com/region":"us-south1"},"metadata":{"@type":"type.googleapis.com/google.firestore.admin.v1.LocationMetadata"},"locationId":"us-south1","displayName":"Dallas"},{"name":"projects/firin-de67b/locations/us-west1","labels":{"appengine.googleapis.com/region":"us-west1","cloud.googleapis.com/location":"us-west1","cloud.googleapis.com/region":"us-west1"},"metadata":{"@type":"type.googleapis.com/google.firestore.admin.v1.LocationMetadata"},"locationId":"us-west1","displayName":"Oregon"},{"name":"projects/firin-de67b/locations/us-west2","labels":{"appengine.googleapis.com/region":"us-west2","cloud.googleapis.com/location":"us-west2","cloud.googleapis.com/region":"us-west2"},"metadata":{"@type":"type.googleapis.com/google.firestore.admin.v1.LocationMetadata"},"locationId":"us-west2","displayName":"Los Angeles"},{"name":"projects/firin-de67b/locations/us-west3","labels":{"appengine.googleapis.com/region":"us-west3","cloud.googleapis.com/location":"us-west3","cloud.googleapis.com/region":"us-west3"},"metadata":{"@type":"type.googleapis.com/google.firestore.admin.v1.LocationMetadata"},"locationId":"us-west3","displayName":"Salt Lake City"},{"name":"projects/firin-de67b/locations/us-west4","labels":{"appengine.googleapis.com/region":"us-west4","cloud.googleapis.com/location":"us-west4","cloud.googleapis.com/region":"us-west4"},"metadata":{"@type":"type.googleapis.com/google.firestore.admin.v1.LocationMetadata"},"locationId":"us-west4","displayName":"Las Vegas"}]}
[info] 
[info] Firestore Security Rules allow you to define how and when to allow
[info] requests. You can keep these rules in your project directory
[info] and publish them with firebase deploy.
[info] 
[debug] [2026-08-03T11:02:16.335Z] Checked if tokens are valid: true, expires at: 1785757023997
[debug] [2026-08-03T11:02:16.335Z] Checked if tokens are valid: true, expires at: 1785757023997
[debug] [2026-08-03T11:02:16.335Z] >>> [apiv2][query] GET https://firebaserules.googleapis.com/v1/projects/firin-de67b/releases pageSize=10&pageToken=
[debug] [2026-08-03T11:02:17.297Z] <<< [apiv2][status] GET https://firebaserules.googleapis.com/v1/projects/firin-de67b/releases 200
[debug] [2026-08-03T11:02:17.297Z] <<< [apiv2][body] GET https://firebaserules.googleapis.com/v1/projects/firin-de67b/releases {}
[info] 
[info] Firestore indexes allow you to perform complex queries while
[info] maintaining performance that scales with the size of the result
[info] set. You can keep index definitions in your project directory
[info] and publish them with firebase deploy.
[info] 
[debug] [2026-08-03T11:02:25.314Z] Checked if tokens are valid: true, expires at: 1785757023997
[debug] [2026-08-03T11:02:25.314Z] Checked if tokens are valid: true, expires at: 1785757023997
[debug] [2026-08-03T11:02:25.314Z] Checked if tokens are valid: true, expires at: 1785757023997
[debug] [2026-08-03T11:02:25.314Z] Checked if tokens are valid: true, expires at: 1785757023997
[debug] [2026-08-03T11:02:25.314Z] >>> [apiv2][query] GET https://firestore.googleapis.com/v1/projects/firin-de67b/databases/(default)/collectionGroups/-/indexes [none]
[debug] [2026-08-03T11:02:25.315Z] >>> [apiv2][query] GET https://firestore.googleapis.com/v1/projects/firin-de67b/databases/(default)/collectionGroups/-/fields?filter=indexConfig.usesAncestorConfig=false OR ttlConfig:* [none]
[debug] [2026-08-03T11:02:26.278Z] <<< [apiv2][status] GET https://firestore.googleapis.com/v1/projects/firin-de67b/databases/(default)/collectionGroups/-/fields?filter=indexConfig.usesAncestorConfig=false OR ttlConfig:* 404
[debug] [2026-08-03T11:02:26.279Z] <<< [apiv2][body] GET https://firestore.googleapis.com/v1/projects/firin-de67b/databases/(default)/collectionGroups/-/fields?filter=indexConfig.usesAncestorConfig=false OR ttlConfig:* {"error":{"code":404,"message":"Requested database was not found.","status":"NOT_FOUND"}}
[info] +  Wrote firestore.rules 
[info] +  Wrote firestore.indexes.json 
[info] 
=== Hosting Setup
[debug] [2026-08-03T11:02:26.284Z] Checked if tokens are valid: true, expires at: 1785757023997
[debug] [2026-08-03T11:02:26.284Z] Checked if tokens are valid: true, expires at: 1785757023997
[debug] [2026-08-03T11:02:26.284Z] >>> [apiv2][query] GET https://firebase.googleapis.com/v1beta1/projects/firin-de67b [none]
[debug] [2026-08-03T11:02:26.285Z] <<< [apiv2][status] GET https://firestore.googleapis.com/v1/projects/firin-de67b/databases/(default)/collectionGroups/-/indexes 404
[debug] [2026-08-03T11:02:26.285Z] <<< [apiv2][body] GET https://firestore.googleapis.com/v1/projects/firin-de67b/databases/(default)/collectionGroups/-/indexes {"error":{"code":404,"message":"Project 'firin-de67b' or database '(default)' does not exist.","status":"NOT_FOUND"}}
[debug] [2026-08-03T11:02:26.797Z] <<< [apiv2][status] GET https://firebase.googleapis.com/v1beta1/projects/firin-de67b 200
[debug] [2026-08-03T11:02:26.797Z] <<< [apiv2][body] GET https://firebase.googleapis.com/v1beta1/projects/firin-de67b {"projectId":"firin-de67b","projectNumber":"61410927896","displayName":"firin","name":"projects/firin-de67b","resources":{"hostingSite":"firin-de67b"},"state":"ACTIVE","labels":{"firebase":"enabled"},"etag":"1_bc10422d-2606-4424-9541-e05d98e38658"}
[info] 
[info] Your public directory is the folder (relative to your project directory) that
[info] will contain Hosting assets to be uploaded with firebase deploy. If you
[info] have a build process for your assets, use your build's output directory.
[info] 
[info] 
[info] i  Detected a .git folder at C:\Users\Kayra Dönmez\Desktop\fırın 
[info] i  Authorizing with GitHub to upload your service account to a GitHub repository's secrets store. 
[info] 
[info] Visit this URL on this device to log in:
[info] https://github.com/login/oauth/authorize?client_id=89cf50f02ac6aaed3484&state=888124404&redirect_uri=http%3A%2F%2Flocalhost%3A9005&scope=read%3Auser%20repo%20public_repo
[info] 
[info] Waiting for authentication...
[debug] [2026-08-03T11:40:41.059Z] >>> [apiv2][query] POST https://github.com/login/oauth/access_token [none]
[debug] [2026-08-03T11:40:41.059Z] >>> [apiv2][body] POST https://github.com/login/oauth/access_token [stream]
[debug] [2026-08-03T11:40:42.010Z] <<< [apiv2][status] POST https://github.com/login/oauth/access_token 200
[debug] [2026-08-03T11:40:42.011Z] <<< [apiv2][body] POST https://github.com/login/oauth/access_token {"access_token":"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","token_type":"bearer","scope":"read:user,repo"}
[debug] [2026-08-03T11:40:42.014Z] >>> [apiv2][query] GET https://api.github.com/user [none]
[debug] [2026-08-03T11:40:42.427Z] <<< [apiv2][status] GET https://api.github.com/user 200
[debug] [2026-08-03T11:40:42.428Z] <<< [apiv2][body] GET https://api.github.com/user {"login":"KayOS-Sftwr","id":228921617,"node_id":"U_kgDODaUREQ","avatar_url":"https://avatars.githubusercontent.com/u/228921617?v=4","gravatar_id":"","url":"https://api.github.com/users/KayOS-Sftwr","html_url":"https://github.com/KayOS-Sftwr","followers_url":"https://api.github.com/users/KayOS-Sftwr/followers","following_url":"https://api.github.com/users/KayOS-Sftwr/following{/other_user}","gists_url":"https://api.github.com/users/KayOS-Sftwr/gists{/gist_id}","starred_url":"https://api.github.com/users/KayOS-Sftwr/starred{/owner}{/repo}","subscriptions_url":"https://api.github.com/users/KayOS-Sftwr/subscriptions","organizations_url":"https://api.github.com/users/KayOS-Sftwr/orgs","repos_url":"https://api.github.com/users/KayOS-Sftwr/repos","events_url":"https://api.github.com/users/KayOS-Sftwr/events{/privacy}","received_events_url":"https://api.github.com/users/KayOS-Sftwr/received_events","type":"User","user_view_type":"private","site_admin":false,"name":null,"company":null,"blog":"","location":null,"email":null,"hireable":null,"bio":null,"twitter_username":null,"notification_email":null,"public_repos":2,"public_gists":0,"followers":1,"following":2,"created_at":"2025-08-27T11:38:39Z","updated_at":"2026-08-03T11:40:32Z","private_gists":0,"total_private_repos":0,"owned_private_repos":0,"disk_usage":26296,"collaborators":0,"two_factor_authentication":false,"plan":{"name":"free","space":976562499,"collaborators":0,"private_repos":10000}}
[info] 
[info] +  Success! Logged into GitHub as KayOS-Sftwr 
[info] 
